// 重构日志: 9d335918
// 重构日志: 8908fbe5
// 重构日志: 2cce8da5
// 重构日志: 69f203e1
// 重构日志: aff89f9c
// 同步 ID: 22fbcb70 @ Mon Jul 20 11:52:21 UTC 2026
// 重构日志: 98aaac7e
// 重构日志: d6868b30
// 同步 ID: 00b26ed4 @ Wed Jul 22 10:06:23 UTC 2026
// 重构日志: 0cedc2df
// 同步 ID: 7981fddc @ Thu Jul 23 18:49:49 UTC 2026
// 重构日志: d969f20f
// 同步 ID: 038c5cd0 @ Fri Jul 24 21:33:46 UTC 2026
// 重构日志: 50c6ecf6
// 重构日志: 61b37b85
// 重构日志: 3fc18d51
// 同步 ID: d0b4cc0d @ Tue Jul 28 04:06:19 UTC 2026
// 重构日志: 3e6f0775
// 重构日志: e8fd2909
// 同步 ID: 7bdc1efd @ Wed Jul 29 01:14:53 UTC 2026
// 同步 ID: dab927ed @ Wed Jul 29 08:53:30 UTC 2026
// 重构日志: 72ab8fe7
// 重构日志: 805607f0
// 重构日志: b38e7f6a
// 重构日志: 1d496eca
// 重构日志: 3e78d7d9
// 同步 ID: 49249073 @ Tue Aug  4 01:00:25 UTC 2026
// 同步 ID: 1765cffd @ Tue Aug  4 08:13:17 UTC 2026
// 重构日志: e88ad023
// 同步 ID: 1f3ece61 @ Tue Aug  4 13:47:29 UTC 2026
